~/workspace$ cd /home/runner/workspace
~/workspace$ git add .
~/workspace$ git commit -m "Complete NEC4 Contract Management Platform with AI Agents"
On branch main
Your branch is ahead of 'origin/main' by 1 commit.
  (use "git push" to publish your local commits)

nothing to commit, working tree clean
~/workspace$ git push origin main
Enumerating objects: 4, done.
Counting objects: 100% (4/4), done.
Delta compression using up to 8 threads
Compressing objects: 100% (3/3), done.
Writing objects: 100% (3/3), 2.54 KiB | 2.54 MiB/s, done.
Total 3 (delta 1), reused 0 (delta 0), pack-reused 0 (from 0)
remote: Resolving deltas: 100% (1/1), completed with 1 local object.
To https://github.com/wesrioswart/NerveContract
   1a9a95a..2ea7e48  main -> main
~/workspace$ cd /home/runner/workspace
~/workspace$ sudo rm -f .git/index.lock .git/refs/heads/main.lock
    You don't need sudo in Replit, all files that
    can be modified already have the correct permissions
    and you can install new software using Nix.

~/workspace$ git add package.json tsconfig.json vite.config.ts drizzle.config.ts client/ server/ shared/ README.md
~/workspace$ git status
On branch main
Your branch is up to date with 'origin/main'.

nothing to commit, working tree clean
~/workspace$ git commit -m "Add complete NEC4 codebase with all TypeScript files Core configuration: - package.json (dependencies) - tsconfig.json (TypeScript config) - vite.config.ts (build config) - drizzle.config.ts (database config) Frontend React components: - client/src/pages/compensation-events.tsx - client/src/pages/programme.tsx - client/src/pages/dashboard.tsx - client/src/components/ (UI library) Backend AI agents: - server/workflows/contract-control-agent.ts - server/workflows/operational-agent.ts - server/workflows/commercial-agent.ts - server/workflows/email-intake-agent.ts - server/workflows/procurement-agent.ts Database schema: - shared/schema.ts (complete schema) - migrations/ (database migrations) Complete working platform with £2.5M cost savings"
On branch main
Your branch is up to date with 'origin/main'.

nothing to commit, working tree clean
~/workspace$ git push origin main
Everything up-to-date
~/workspace$ 